// Jest Snapshot v1, https://goo.gl/fbAQLP

exports[`loader should handle invalid JSON5: errors 1`] = `
Array [
  "ModuleError: Module Error (from /src/index.js):
JSON5: invalid character 'j' at 1:10",
]
`;

exports[`loader should handle invalid JSON5: warnings 1`] = `Array []`;

exports[`loader should handle valid JSON5: errors 1`] = `Array []`;

exports[`loader should handle valid JSON5: result 1`] = `
Object {
  "NaN": NaN,
  "andIn": Array [
    "arrays",
  ],
  "andTrailing": 8675309,
  "backwardsCompatible": "with JSON",
  "foo": "  ",
  "hexadecimal": 912559,
  "leadingDecimalPoint": 0.8675309,
  "lineBreaks": "Look, Mom! No \\\\n's!",
  "null": null,
  "positiveSign": 1,
  "singleQuotes": "I can use \\"double quotes\\" here",
  "to": Infinity,
  "to2": -Infinity,
  "trailingComma": "in objects",
  "unquoted": "and you can quote me on that",
}
`;

exports[`loader should handle valid JSON5: warnings 1`] = `Array []`;
